// Jest Snapshot v1, https://goo.gl/fbAQLP

exports[`Sidebar component renders correctly with sidebar items 1`] = `
<div>
  <aside
    class="h-screen w-[195px] border-r-1 border-semiTransparentDimGray px-[14px] pt-6"
  >
    <a
      href="/setting/general"
    >
      <button
        class="z-0 group relative inline-flex items-center justify-center box-border appearance-none select-none whitespace-nowrap font-normal subpixel-antialiased overflow-hidden tap-highlight-transparent data-[pressed=true]:scale-[0.97] outline-none data-[focus-visible=true]:z-10 data-[focus-visible=true]:outline-2 data-[focus-visible=true]:outline-focus data-[focus-visible=true]:outline-offset-2 px-6 min-w-24 h-12 gap-3 [&>svg]:max-w-[theme(spacing.8)] transition-transform-colors-opacity motion-reduce:transition-none data-[hover=true]:opacity-hover border-transparent bg-overlay rounded-md w-full max-h-10 py-2.5 text-sm text-black"
        type="button"
      >
        <span
          aria-hidden="true"
          focusable="false"
          tabindex="-1"
        >
          Icon1
        </span>
        General
      </button>
    </a>
    <a
      href="/setting/account"
    >
      <button
        class="z-0 group relative inline-flex items-center justify-center box-border appearance-none select-none whitespace-nowrap font-normal subpixel-antialiased overflow-hidden tap-highlight-transparent data-[pressed=true]:scale-[0.97] outline-none data-[focus-visible=true]:z-10 data-[focus-visible=true]:outline-2 data-[focus-visible=true]:outline-focus data-[focus-visible=true]:outline-offset-2 px-6 min-w-24 h-12 gap-3 [&>svg]:max-w-[theme(spacing.8)] transition-transform-colors-opacity motion-reduce:transition-none data-[hover=true]:opacity-hover border-transparent bg-none rounded-md w-full max-h-10 py-2.5 text-sm text-black"
        type="button"
      >
        <span
          aria-hidden="true"
          focusable="false"
          tabindex="-1"
        >
          Icon2
        </span>
        Account
      </button>
    </a>
  </aside>
</div>
`;
