// Jest Snapshot v1, https://goo.gl/fbAQLP

exports[`TransactionHistory component should match snapshot 1`] = `
{
  "asFragment": [Function],
  "baseElement": <body>
    <div>
      <div
        class="flex flex-col relative overflow-hidden h-auto text-foreground box-border bg-content1 outline-none data-[focus-visible=true]:z-10 data-[focus-visible=true]:outline-2 data-[focus-visible=true]:outline-focus data-[focus-visible=true]:outline-offset-2 shadow-medium transition-transform-background motion-reduce:transition-none gap-5 rounded-md px-[17px] py-[15px]"
        tabindex="-1"
      >
        <div
          class="z-10 w-full justify-start shrink-0 overflow-inherit color-inherit subpixel-antialiased rounded-t-large flex flex-col items-start gap-1 p-0"
        >
          <p
            class="text-primary-200 text-sm font-semibold !text-navyBlue"
          >
            Transaction History (24)
          </p>
          <p
            class="text-primary-200 text-xs font-normal !text-neutralGray"
          >
            See history of your transaction
          </p>
        </div>
        <div
          class="relative w-full flex-auto place-content-inherit align-items-inherit h-auto break-words text-left overflow-y-auto subpixel-antialiased flex flex-col p-0"
        >
          <div>
            Transaction Table
          </div>
        </div>
      </div>
    </div>
  </body>,
  "container": <div>
    <div
      class="flex flex-col relative overflow-hidden h-auto text-foreground box-border bg-content1 outline-none data-[focus-visible=true]:z-10 data-[focus-visible=true]:outline-2 data-[focus-visible=true]:outline-focus data-[focus-visible=true]:outline-offset-2 shadow-medium transition-transform-background motion-reduce:transition-none gap-5 rounded-md px-[17px] py-[15px]"
      tabindex="-1"
    >
      <div
        class="z-10 w-full justify-start shrink-0 overflow-inherit color-inherit subpixel-antialiased rounded-t-large flex flex-col items-start gap-1 p-0"
      >
        <p
          class="text-primary-200 text-sm font-semibold !text-navyBlue"
        >
          Transaction History (24)
        </p>
        <p
          class="text-primary-200 text-xs font-normal !text-neutralGray"
        >
          See history of your transaction
        </p>
      </div>
      <div
        class="relative w-full flex-auto place-content-inherit align-items-inherit h-auto break-words text-left overflow-y-auto subpixel-antialiased flex flex-col p-0"
      >
        <div>
          Transaction Table
        </div>
      </div>
    </div>
  </div>,
  "debug": [Function],
  "findAllByAltText": [Function],
  "findAllByDisplayValue": [Function],
  "findAllByLabelText": [Function],
  "findAllByPlaceholderText": [Function],
  "findAllByRole": [Function],
  "findAllByTestId": [Function],
  "findAllByText": [Function],
  "findAllByTitle": [Function],
  "findByAltText": [Function],
  "findByDisplayValue": [Function],
  "findByLabelText": [Function],
  "findByPlaceholderText": [Function],
  "findByRole": [Function],
  "findByTestId": [Function],
  "findByText": [Function],
  "findByTitle": [Function],
  "getAllByAltText": [Function],
  "getAllByDisplayValue": [Function],
  "getAllByLabelText": [Function],
  "getAllByPlaceholderText": [Function],
  "getAllByRole": [Function],
  "getAllByTestId": [Function],
  "getAllByText": [Function],
  "getAllByTitle": [Function],
  "getByAltText": [Function],
  "getByDisplayValue": [Function],
  "getByLabelText": [Function],
  "getByPlaceholderText": [Function],
  "getByRole": [Function],
  "getByTestId": [Function],
  "getByText": [Function],
  "getByTitle": [Function],
  "queryAllByAltText": [Function],
  "queryAllByDisplayValue": [Function],
  "queryAllByLabelText": [Function],
  "queryAllByPlaceholderText": [Function],
  "queryAllByRole": [Function],
  "queryAllByTestId": [Function],
  "queryAllByText": [Function],
  "queryAllByTitle": [Function],
  "queryByAltText": [Function],
  "queryByDisplayValue": [Function],
  "queryByLabelText": [Function],
  "queryByPlaceholderText": [Function],
  "queryByRole": [Function],
  "queryByTestId": [Function],
  "queryByText": [Function],
  "queryByTitle": [Function],
  "rerender": [Function],
  "unmount": [Function],
}
`;
