// Jest Snapshot v1, https://goo.gl/fbAQLP

exports[`Chip component Should render snapshot correctly 1`] = `
{
  "asFragment": [Function],
  "baseElement": <body>
    <div>
      <div
        class="relative max-w-fit min-w-min inline-flex items-center justify-between box-border whitespace-nowrap h-7 text-small rounded-full bg-lightAqua text-primary-200 py-[3px] px-[6px] gap-[1px]"
      >
        <span
          class="flex-1 text-inherit font-extrabold text-4xs p-0 leading-[12px]"
        >
          Success
        </span>
      </div>
    </div>
  </body>,
  "container": <div>
    <div
      class="relative max-w-fit min-w-min inline-flex items-center justify-between box-border whitespace-nowrap h-7 text-small rounded-full bg-lightAqua text-primary-200 py-[3px] px-[6px] gap-[1px]"
    >
      <span
        class="flex-1 text-inherit font-extrabold text-4xs p-0 leading-[12px]"
      >
        Success
      </span>
    </div>
  </div>,
  "debug": [Function],
  "findAllByAltText": [Function],
  "findAllByDisplayValue": [Function],
  "findAllByLabelText": [Function],
  "findAllByPlaceholderText": [Function],
  "findAllByRole": [Function],
  "findAllByTestId": [Function],
  "findAllByText": [Function],
  "findAllByTitle": [Function],
  "findByAltText": [Function],
  "findByDisplayValue": [Function],
  "findByLabelText": [Function],
  "findByPlaceholderText": [Function],
  "findByRole": [Function],
  "findByTestId": [Function],
  "findByText": [Function],
  "findByTitle": [Function],
  "getAllByAltText": [Function],
  "getAllByDisplayValue": [Function],
  "getAllByLabelText": [Function],
  "getAllByPlaceholderText": [Function],
  "getAllByRole": [Function],
  "getAllByTestId": [Function],
  "getAllByText": [Function],
  "getAllByTitle": [Function],
  "getByAltText": [Function],
  "getByDisplayValue": [Function],
  "getByLabelText": [Function],
  "getByPlaceholderText": [Function],
  "getByRole": [Function],
  "getByTestId": [Function],
  "getByText": [Function],
  "getByTitle": [Function],
  "queryAllByAltText": [Function],
  "queryAllByDisplayValue": [Function],
  "queryAllByLabelText": [Function],
  "queryAllByPlaceholderText": [Function],
  "queryAllByRole": [Function],
  "queryAllByTestId": [Function],
  "queryAllByText": [Function],
  "queryAllByTitle": [Function],
  "queryByAltText": [Function],
  "queryByDisplayValue": [Function],
  "queryByLabelText": [Function],
  "queryByPlaceholderText": [Function],
  "queryByRole": [Function],
  "queryByTestId": [Function],
  "queryByText": [Function],
  "queryByTitle": [Function],
  "rerender": [Function],
  "unmount": [Function],
}
`;
