// Jest Snapshot v1, https://goo.gl/fbAQLP

exports[`TransferModal component should match snapshot for TransferModal 1`] = `
<div
  aria-hidden="true"
/>
`;
