// Jest Snapshot v1, https://goo.gl/fbAQLP

exports[`TransferTab Component renders correctly and matches snapshot 1`] = `
<div>
  <div
    class="flex h-full w-full flex-col rounded-xl bg-lightGraySolid"
  >
    <div
      class="flex"
      data-placement="start"
      data-slot="tabWrapper"
      data-vertical="vertical"
    >
      <div
        aria-label="Options"
        class="inline-flex"
        data-slot="base"
      >
        <div
          aria-label="Options"
          aria-orientation="horizontal"
          class="flex p-1 h-fit gap-2 items-center flex-nowrap overflow-x-scroll scrollbar-hide rounded-medium flex-col bg-lightGraySolid"
          data-slot="tabList"
          id="react-aria-:r0:"
          role="tablist"
        >
          <button
            aria-controls="react-aria-:r0:-tabpanel-account"
            aria-selected="true"
            class="z-0 px-3 py-1 flex group relative items-center cursor-pointer transition-opacity tap-highlight-transparent data-[disabled=true]:cursor-not-allowed data-[disabled=true]:opacity-30 data-[hover-unselected=true]:opacity-disabled outline-none data-[focus-visible=true]:z-10 data-[focus-visible=true]:outline-2 data-[focus-visible=true]:outline-focus data-[focus-visible=true]:outline-offset-2 text-small rounded-small bg-white justify-start h-full w-full"
            data-key="account"
            data-selected="true"
            data-slot="tab"
            id="react-aria-:r0:-tab-account"
            role="tab"
            tabindex="0"
            type="button"
            value="account"
          >
            <span
              class="absolute z-0 inset-0 rounded-small dark:bg-default shadow-small bg-navyBlue w-full"
              data-slot="cursor"
            />
            <div
              class="relative z-10 whitespace-nowrap transition-colors group-data-[selected=true]:text-white text-navyBlue"
              data-slot="tabContent"
            >
              <div
                class="flex items-center gap-4 px-8 py-2"
              >
                <svg
                  fill="none"
                  height="32"
                  viewBox="0 0 16 16"
                  width="32"
                  xmlns="http://www.w3.org/2000/svg"
                >
                  <path
                    d="M5.65063 8.78268L6.18627 8.56808L5.73278 8.21128C5.13365 7.73991 4.69634 7.09351 4.48169 6.36202C4.26703 5.63054 4.28571 4.85033 4.53513 4.12996C4.78454 3.40958 5.25229 2.78485 5.87329 2.34269C6.49429 1.90053 7.23767 1.66292 8 1.66292C8.76233 1.66292 9.50571 1.90053 10.1267 2.34269C10.7477 2.78485 11.2155 3.40958 11.4649 4.12996C11.7143 4.85033 11.733 5.63054 11.5183 6.36202C11.3037 7.09351 10.8663 7.73991 10.2672 8.21128L10.4733 8.47325L10.3504 8.78308C11.4187 9.20708 12.3516 9.91385 13.0489 10.8276C13.7461 11.7412 14.1815 12.8272 14.3086 13.9693C14.3178 14.0566 14.2923 14.144 14.2374 14.2125C14.1858 14.2771 14.1121 14.32 14.0309 14.3333L13.98 14.3332L13.978 14.3333C13.8956 14.3338 13.8159 14.3037 13.7543 14.2489C13.6928 14.1941 13.6537 14.1185 13.6446 14.0366L13.6446 14.036C13.489 12.6514 12.8288 11.3726 11.79 10.4439C10.7512 9.5153 9.4067 9.00194 8.01333 9.00194C6.61997 9.00194 5.27545 9.5153 4.23665 10.4439C3.19786 11.3726 2.53762 12.6514 2.38208 14.036L2.382 14.0368C2.37221 14.1257 2.3275 14.2071 2.2577 14.2631C2.18789 14.3191 2.09871 14.345 2.00978 14.3353C1.92084 14.3255 1.83944 14.2808 1.78347 14.211C1.75575 14.1764 1.73512 14.1367 1.72274 14.0942C1.71037 14.0517 1.70649 14.0071 1.71132 13.9631C1.83775 12.824 2.27089 11.7406 2.9646 10.8283C3.65835 9.91593 4.58668 9.20894 5.65063 8.78268ZM6.33329 7.82766C6.82663 8.15731 7.40665 8.33325 8 8.33325C8.79565 8.33325 9.55871 8.01718 10.1213 7.45457C10.6839 6.89197 11 6.1289 11 5.33325C11 4.73991 10.8241 4.15989 10.4944 3.66654C10.1648 3.1732 9.69623 2.78868 9.14805 2.56162C8.59987 2.33455 7.99667 2.27514 7.41473 2.3909C6.83278 2.50665 6.29823 2.79238 5.87868 3.21193C5.45912 3.63149 5.1734 4.16604 5.05764 4.74798C4.94189 5.32993 5.0013 5.93313 5.22836 6.4813C5.45542 7.02948 5.83994 7.49802 6.33329 7.82766Z"
                    fill="black"
                    stroke="currentColor"
                    stroke-width="0.666667"
                  />
                </svg>
                <div
                  class="flex flex-col text-left"
                >
                  <span
                    class="text-sm font-medium"
                  >
                    To my Account
                  </span>
                  <span
                    class="text-[10px] font-normal text-transparentBlack group-data-[selected=true]:text-white"
                  >
                    Instant transfer between your own accounts
                  </span>
                </div>
              </div>
            </div>
          </button>
          <button
            aria-selected="false"
            class="z-0 px-3 py-1 flex group relative items-center cursor-pointer transition-opacity tap-highlight-transparent data-[disabled=true]:cursor-not-allowed data-[disabled=true]:opacity-30 data-[hover-unselected=true]:opacity-disabled outline-none data-[focus-visible=true]:z-10 data-[focus-visible=true]:outline-2 data-[focus-visible=true]:outline-focus data-[focus-visible=true]:outline-offset-2 text-small rounded-small bg-white justify-start h-full w-full"
            data-key="global"
            data-slot="tab"
            id="react-aria-:r0:-tab-global"
            role="tab"
            tabindex="-1"
            type="button"
            value="global"
          >
            <div
              class="relative z-10 whitespace-nowrap transition-colors group-data-[selected=true]:text-white text-navyBlue"
              data-slot="tabContent"
            >
              <div
                class="flex items-center gap-4 px-8 py-2"
              >
                <svg
                  fill="none"
                  height="32"
                  viewBox="0 0 16 16"
                  width="32"
                  xmlns="http://www.w3.org/2000/svg"
                >
                  <g
                    clip-path="url(#clip0_1_20549)"
                  >
                    <path
                      d="M7.99992 14.6666C11.6818 14.6666 14.6666 11.6818 14.6666 7.99992C14.6666 4.31802 11.6818 1.33325 7.99992 1.33325C4.31802 1.33325 1.33325 4.31802 1.33325 7.99992C1.33325 11.6818 4.31802 14.6666 7.99992 14.6666Z"
                      stroke="currentColor"
                      stroke-linecap="round"
                      stroke-linejoin="round"
                      stroke-width="1.33333"
                    />
                    <path
                      d="M1.33325 8H14.6666"
                      stroke="currentColor"
                      stroke-linecap="round"
                      stroke-linejoin="round"
                      stroke-width="1.33333"
                    />
                    <path
                      d="M7.99992 1.33325C9.66744 3.15882 10.6151 5.52794 10.6666 7.99992C10.6151 10.4719 9.66744 12.841 7.99992 14.6666C6.3324 12.841 5.38475 10.4719 5.33325 7.99992C5.38475 5.52794 6.3324 3.15882 7.99992 1.33325V1.33325Z"
                      stroke="currentColor"
                      stroke-linecap="round"
                      stroke-linejoin="round"
                      stroke-width="1.33333"
                    />
                  </g>
                  <defs>
                    <clippath
                      id="clip0_1_20549"
                    >
                      <rect
                        fill="currentColor"
                        height="16"
                        width="16"
                      />
                    </clippath>
                  </defs>
                </svg>
                <div
                  class="flex flex-col text-left"
                >
                  <span
                    class="text-sm font-medium"
                  >
                    Global Tranfer
                  </span>
                  <span
                    class="text-[10px] font-normal text-transparentBlack group-data-[selected=true]:text-white"
                  >
                    Transfer Money across the globe
                  </span>
                </div>
              </div>
            </div>
          </button>
        </div>
      </div>
      <div
        aria-labelledby="react-aria-:r0:-tab-account"
        class="data-[inert=true]:hidden outline-none data-[focus-visible=true]:z-10 data-[focus-visible=true]:outline-2 data-[focus-visible=true]:outline-focus data-[focus-visible=true]:outline-offset-2 py-0 px-3 h-full w-full"
        data-focus="false"
        data-focus-visible="false"
        data-slot="panel"
        id="react-aria-:r0:-tabpanel-account"
        role="tabpanel"
      >
        <form
          class="flex flex-col gap-4"
        >
          <h4
            class="text-primary-200 text-xs font-medium"
          >
            Send Money Across Your eWallet Accounts
          </h4>
          <div
            class="group flex flex-col w-full transition-background motion-reduce:transition-none !duration-150 group relative justify-end data-[has-label=true]:mt-[calc(theme(fontSize.small)_+_10px)]"
            data-filled="true"
            data-has-label="true"
            data-slot="base"
          >
            <div
              aria-hidden="true"
              data-a11y-ignore="aria-hidden-focus"
              data-testid="hidden-select-container"
              style="border: 0px; clip-path: inset(50%); height: 1px; margin: -1px; overflow: hidden; padding: 0px; position: absolute; width: 1px; white-space: nowrap;"
            >
              <input
                style="font-size: 16px;"
                tabindex="-1"
                type="text"
                value=""
              />
              <label>
                To
                <select
                  size="3"
                  tabindex="-1"
                  title=""
                >
                  <option />
                  <option
                    value="Main"
                  >
                    Main Account
                  </option>
                  <option
                    value="Savings"
                  >
                    Savings
                  </option>
                  <option
                    value="Checkings"
                  >
                    Checkings
                  </option>
                </select>
              </label>
            </div>
            <div
              class="w-full flex flex-col"
              data-slot="mainWrapper"
            >
              <button
                aria-expanded="false"
                aria-haspopup="listbox"
                aria-labelledby="react-aria-:rc: react-aria-:r8:"
                class="relative gap-3 w-full inline-flex flex-row items-center shadow-sm tap-highlight-transparent group-data-[focus=true]:bg-default-100 min-h-10 outline-none data-[focus-visible=true]:z-10 data-[focus-visible=true]:outline-2 data-[focus-visible=true]:outline-focus data-[focus-visible=true]:outline-offset-2 px-2.5 py-2 h-[46px] rounded-sm bg-background-500 shadow-stack border-1 outline-offset-0 data-[focus=true]:border-1 data-[focus=true]:bg-none data-[hover=true]:bg-default data-[hover=true]:!border-secondary-200 group-data-[invalid=true]:!border-warning"
                data-slot="trigger"
                id="react-aria-:r7:"
                type="button"
                value="undefined"
              >
                <label
                  class="block absolute subpixel-antialiased pointer-events-none will-change-auto origin-top-left rtl:origin-top-right !duration-200 !ease-out transition-[transform,color,left,opacity] motion-reduce:transition-none pb-0 z-20 top-1/2 -translate-y-1/2 group-data-[filled=true]:start-0 start-3 group-data-[filled=true]:-translate-y-[calc(100%_+_theme(fontSize.small)/2_+_20px)] pe-2 max-w-full text-ellipsis overflow-hidden text-primary-200 font-medium opacity-50 group-data-[invalid=true]:!text-warning group-data-[invalid=true]:opacity-100 group-data-[filled=true]:text-primary-200 after:text-primary-200 text-sm"
                  data-slot="label"
                  id="react-aria-:r8:"
                >
                  To
                </label>
                <div
                  class="inline-flex h-full w-[calc(100%_-_theme(spacing.6))] min-h-4 items-center gap-1.5 box-border text-xs leading-[18px] group-data-[invalid=true]:!text-warning"
                  data-slot="innerWrapper"
                >
                  <span
                    class="w-full text-left rtl:text-right truncate group-data-[has-value=true]:text-default-foreground text-primary-200 text-xs group-data-[invalid=true]:!text-warning font-medium"
                    data-slot="value"
                    id="react-aria-:rc:"
                  >
                    Select
                  </span>
                </div>
                <svg
                  fill="none"
                  height="18"
                  viewBox="0 0 18 18"
                  width="18"
                  xmlns="http://www.w3.org/2000/svg"
                >
                  <path
                    d="M12.7498 6.87752C12.6093 6.73783 12.4192 6.65942 12.221 6.65942C12.0229 6.65942 11.8328 6.73783 11.6923 6.87752L8.99978 9.53252L6.34478 6.87752C6.20426 6.73783 6.01417 6.65942 5.81603 6.65942C5.61789 6.65942 5.4278 6.73783 5.28728 6.87752C5.21698 6.94724 5.16119 7.03019 5.12311 7.12159C5.08503 7.21298 5.06543 7.31101 5.06543 7.41002C5.06543 7.50903 5.08503 7.60706 5.12311 7.69845C5.16119 7.78985 5.21698 7.8728 5.28728 7.94252L8.46728 11.1225C8.537 11.1928 8.61995 11.2486 8.71135 11.2867C8.80274 11.3248 8.90077 11.3444 8.99978 11.3444C9.09879 11.3444 9.19682 11.3248 9.28821 11.2867C9.37961 11.2486 9.46256 11.1928 9.53228 11.1225L12.7498 7.94252C12.8201 7.8728 12.8759 7.78985 12.9139 7.69845C12.952 7.60706 12.9716 7.50903 12.9716 7.41002C12.9716 7.31101 12.952 7.21298 12.9139 7.12159C12.8759 7.03019 12.8201 6.94724 12.7498 6.87752Z"
                    fill="currentColor"
                  />
                </svg>
              </button>
            </div>
          </div>
          <span
            class="text-primary-200 font-medium text-xs text-foreground-200 opacity-50"
          >
            Available Balance:
             
          </span>
          <div
            class="group flex flex-col w-full transition-background motion-reduce:transition-none !duration-150 group relative justify-end data-[has-label=true]:mt-[calc(theme(fontSize.small)_+_10px)]"
            data-filled="true"
            data-has-label="true"
            data-slot="base"
          >
            <div
              aria-hidden="true"
              data-a11y-ignore="aria-hidden-focus"
              data-testid="hidden-select-container"
              style="border: 0px; clip-path: inset(50%); height: 1px; margin: -1px; overflow: hidden; padding: 0px; position: absolute; width: 1px; white-space: nowrap;"
            >
              <input
                style="font-size: 16px;"
                tabindex="-1"
                type="text"
                value=""
              />
              <label>
                From
                <select
                  size="3"
                  tabindex="-1"
                  title=""
                >
                  <option />
                  <option
                    value="Main"
                  >
                    Main Account
                  </option>
                  <option
                    value="Savings"
                  >
                    Savings
                  </option>
                  <option
                    value="Checkings"
                  >
                    Checkings
                  </option>
                </select>
              </label>
            </div>
            <div
              class="w-full flex flex-col"
              data-slot="mainWrapper"
            >
              <button
                aria-expanded="false"
                aria-haspopup="listbox"
                aria-labelledby="react-aria-:rk: react-aria-:rg:"
                class="relative gap-3 w-full inline-flex flex-row items-center shadow-sm tap-highlight-transparent group-data-[focus=true]:bg-default-100 min-h-10 outline-none data-[focus-visible=true]:z-10 data-[focus-visible=true]:outline-2 data-[focus-visible=true]:outline-focus data-[focus-visible=true]:outline-offset-2 px-2.5 py-2 h-[46px] rounded-sm bg-background-500 shadow-stack border-1 outline-offset-0 data-[focus=true]:border-1 data-[focus=true]:bg-none data-[hover=true]:bg-default data-[hover=true]:!border-secondary-200 group-data-[invalid=true]:!border-warning"
                data-slot="trigger"
                id="react-aria-:rf:"
                type="button"
                value="undefined"
              >
                <label
                  class="block absolute subpixel-antialiased pointer-events-none will-change-auto origin-top-left rtl:origin-top-right !duration-200 !ease-out transition-[transform,color,left,opacity] motion-reduce:transition-none pb-0 z-20 top-1/2 -translate-y-1/2 group-data-[filled=true]:start-0 start-3 group-data-[filled=true]:-translate-y-[calc(100%_+_theme(fontSize.small)/2_+_20px)] pe-2 max-w-full text-ellipsis overflow-hidden text-primary-200 font-medium opacity-50 group-data-[invalid=true]:!text-warning group-data-[invalid=true]:opacity-100 group-data-[filled=true]:text-primary-200 after:text-primary-200 text-sm"
                  data-slot="label"
                  id="react-aria-:rg:"
                >
                  From
                </label>
                <div
                  class="inline-flex h-full w-[calc(100%_-_theme(spacing.6))] min-h-4 items-center gap-1.5 box-border text-xs leading-[18px] group-data-[invalid=true]:!text-warning"
                  data-slot="innerWrapper"
                >
                  <span
                    class="w-full text-left rtl:text-right truncate group-data-[has-value=true]:text-default-foreground text-primary-200 text-xs group-data-[invalid=true]:!text-warning font-medium"
                    data-slot="value"
                    id="react-aria-:rk:"
                  >
                    Select
                  </span>
                </div>
                <svg
                  fill="none"
                  height="18"
                  viewBox="0 0 18 18"
                  width="18"
                  xmlns="http://www.w3.org/2000/svg"
                >
                  <path
                    d="M12.7498 6.87752C12.6093 6.73783 12.4192 6.65942 12.221 6.65942C12.0229 6.65942 11.8328 6.73783 11.6923 6.87752L8.99978 9.53252L6.34478 6.87752C6.20426 6.73783 6.01417 6.65942 5.81603 6.65942C5.61789 6.65942 5.4278 6.73783 5.28728 6.87752C5.21698 6.94724 5.16119 7.03019 5.12311 7.12159C5.08503 7.21298 5.06543 7.31101 5.06543 7.41002C5.06543 7.50903 5.08503 7.60706 5.12311 7.69845C5.16119 7.78985 5.21698 7.8728 5.28728 7.94252L8.46728 11.1225C8.537 11.1928 8.61995 11.2486 8.71135 11.2867C8.80274 11.3248 8.90077 11.3444 8.99978 11.3444C9.09879 11.3444 9.19682 11.3248 9.28821 11.2867C9.37961 11.2486 9.46256 11.1928 9.53228 11.1225L12.7498 7.94252C12.8201 7.8728 12.8759 7.78985 12.9139 7.69845C12.952 7.60706 12.9716 7.50903 12.9716 7.41002C12.9716 7.31101 12.952 7.21298 12.9139 7.12159C12.8759 7.03019 12.8201 6.94724 12.7498 6.87752Z"
                    fill="currentColor"
                  />
                </svg>
              </button>
            </div>
          </div>
          <span
            class="text-primary-200 font-medium text-xs text-foreground-200 opacity-50"
          >
            Available Balance:
             
          </span>
          <div
            class="group flex flex-col data-[hidden=true]:hidden w-full relative justify-end data-[has-label=true]:mt-[calc(theme(fontSize.small)_+_10px)] is-filled"
            data-filled="true"
            data-filled-within="true"
            data-has-elements="true"
            data-has-label="true"
            data-has-value="true"
            data-slot="base"
          >
            <div
              class="h-full flex flex-col"
              data-slot="main-wrapper"
            >
              <div
                class="relative w-full inline-flex tap-highlight-transparent flex-row items-center shadow-sm gap-3 bg-default-100 data-[hover=true]:bg-default-200 group-data-[focus=true]:bg-default-100 h-10 min-h-10 transition-background motion-reduce:transition-none !duration-150 outline-none group-data-[focus-visible=true]:z-10 group-data-[focus-visible=true]:ring-2 group-data-[focus-visible=true]:ring-focus group-data-[focus-visible=true]:ring-offset-2 group-data-[focus-visible=true]:ring-offset-background !bg-inherit border group-data-[focus=true]:border-primary-200 data-[hover=true]:border-secondary-200 data-[hover=true]:!bg-inherit group-data-[invalid=true]:!border-warning px-2.5 py-2 rounded-sm border-default is-filled"
                data-slot="input-wrapper"
                style="cursor: text;"
              >
                <label
                  class="absolute pointer-events-none origin-top-left rtl:origin-top-right subpixel-antialiased block text-foreground-500 will-change-auto !duration-200 !ease-out motion-reduce:transition-none transition-[transform,color,left,opacity] group-data-[filled-within=true]:text-foreground group-data-[filled-within=true]:pointer-events-auto pb-0 z-20 top-1/2 -translate-y-1/2 group-data-[filled-within=true]:start-0 start-3 end-auto group-data-[filled-within=true]:-translate-y-[calc(100%_+_theme(fontSize.small)/2_+_20px)] pe-2 max-w-full text-ellipsis overflow-hidden !text-primary-200 text-sm font-medium opacity-50 group-data-[invalid=true]:!text-warning group-data-[invalid=true]:opacity-100"
                  data-slot="label"
                  for="react-aria-:rl:"
                  id="react-aria-:rm:"
                >
                  Amount
                </label>
                <div
                  class="inline-flex w-full items-center h-full box-border"
                  data-slot="inner-wrapper"
                >
                  <input
                    aria-label="Amount"
                    aria-labelledby="react-aria-:rl: react-aria-:rm:"
                    class="bg-transparent !outline-none focus-visible:outline-none data-[has-start-content=true]:ps-1.5 data-[has-end-content=true]:pe-1.5 file:cursor-pointer file:bg-transparent file:border-0 autofill:bg-transparent bg-clip-text group-data-[has-value=true]:text-default-foreground !text-foreground-100 placeholder:text-foreground-100 w-full h-10 py-2.5 m-0 text-xs text-primary-200 font-medium is-filled"
                    data-filled="true"
                    data-filled-within="true"
                    data-slot="input"
                    id="react-aria-:rl:"
                    inputmode="decimal"
                    placeholder=" "
                    type="text"
                    value="0"
                  />
                </div>
              </div>
            </div>
          </div>
          <button
            class="z-0 group relative inline-flex items-center justify-center box-border appearance-none select-none whitespace-nowrap subpixel-antialiased overflow-hidden tap-highlight-transparent data-[pressed=true]:scale-[0.97] outline-none data-[focus-visible=true]:z-10 data-[focus-visible=true]:outline-2 data-[focus-visible=true]:outline-focus data-[focus-visible=true]:outline-offset-2 px-6 min-w-24 h-12 gap-3 opacity-disabled pointer-events-none [&>svg]:max-w-[theme(spacing.8)] transition-transform-colors-opacity motion-reduce:transition-none data-[hover=true]:opacity-hover border-transparent rounded-3xl w-full max-h-10 py-2.5 text-sm bg-primary-200 font-semibold text-foreground-200"
            data-disabled="true"
            disabled=""
            type="submit"
          >
            <svg
              fill="none"
              height="20"
              viewBox="0 0 20 20"
              width="20"
              xmlns="http://www.w3.org/2000/svg"
            >
              <g
                clip-path="url(#clip0_1057_534)"
              >
                <path
                  d="M18.3337 1.66666L9.16699 10.8333"
                  stroke="currentColor"
                  stroke-linecap="round"
                  stroke-linejoin="round"
                  stroke-width="2"
                />
                <path
                  d="M18.3337 1.66666L12.5003 18.3333L9.16699 10.8333L1.66699 7.5L18.3337 1.66666Z"
                  stroke="currentColor"
                  stroke-linecap="round"
                  stroke-linejoin="round"
                  stroke-width="2"
                />
              </g>
              <defs>
                <clippath
                  id="clip0_1057_534"
                >
                  <rect
                    fill="none"
                    height="20"
                    width="20"
                  />
                </clippath>
              </defs>
            </svg>
            Transfer Funds
          </button>
        </form>
      </div>
    </div>
  </div>
</div>
`;
