// Jest Snapshot v1, https://goo.gl/fbAQLP

exports[`ActionCenter component renders with correct data 1`] = `<div />`;
